I'm sorry, but errors were detected in your script. Please correct the
errors listed below, and try again.


File "game/script.rpy", line 598: expected statement.
    Pause(true)
               ^

Ren'Py Version: Ren'Py 7.3.5.606
Sun Mar 22 14:57:41 2020
